SBY 11:11:58 [bmc] Removing directory '/home/jese/tinyllm/src/output_projection_unit/formal/bmc'.
SBY 11:11:58 [bmc] Copy '/home/jese/tinyllm/src/output_projection_unit/formal/../../../systemverilog_fp_unit/rtl/fp_pkg.sv' to '/home/jese/tinyllm/src/output_projection_unit/formal/bmc/src/fp_pkg.sv'.
SBY 11:11:58 [bmc] Copy '/home/jese/tinyllm/src/output_projection_unit/formal/../output_projection_unit.sv' to '/home/jese/tinyllm/src/output_projection_unit/formal/bmc/src/output_projection_unit.sv'.
SBY 11:11:58 [bmc] Copy '/home/jese/tinyllm/src/output_projection_unit/formal/matrix_unit_stub.sv' to '/home/jese/tinyllm/src/output_projection_unit/formal/bmc/src/matrix_unit_stub.sv'.
SBY 11:11:58 [bmc] Copy '/home/jese/tinyllm/src/output_projection_unit/formal/../../../systemverilog_fp_unit/rtl/fp32_to_bf16_round.sv' to '/home/jese/tinyllm/src/output_projection_unit/formal/bmc/src/fp32_to_bf16_round.sv'.
SBY 11:11:58 [bmc] Copy '/home/jese/tinyllm/src/output_projection_unit/formal/fp_unit_stub.sv' to '/home/jese/tinyllm/src/output_projection_unit/formal/bmc/src/fp_unit_stub.sv'.
SBY 11:11:58 [bmc] Copy '/home/jese/tinyllm/src/output_projection_unit/formal/output_projection_props.sv' to '/home/jese/tinyllm/src/output_projection_unit/formal/bmc/src/output_projection_props.sv'.
SBY 11:11:58 [bmc] engine_0: smtbmc boolector
SBY 11:11:58 [bmc] base: starting process "cd bmc/src; yosys -ql ../model/design.log ../model/design.ys"
SBY 11:11:59 [bmc] base: Warning: Resizing cell port output_projection_props.dut.load_out_idx from 6 bits to 2 bits.
SBY 11:11:59 [bmc] base: finished (returncode=0)
SBY 11:11:59 [bmc] prep: starting process "cd bmc/model; yosys -ql design_prep.log design_prep.ys"
SBY 11:11:59 [bmc] prep: finished (returncode=0)
SBY 11:11:59 [bmc] smt2: starting process "cd bmc/model; yosys -ql design_smt2.log design_smt2.ys"
SBY 11:11:59 [bmc] smt2: finished (returncode=0)
SBY 11:11:59 [bmc] engine_0: starting process "cd bmc; yosys-smtbmc -s boolector --presat --unroll --noprogress -t 60  --append 0 --dump-vcd engine_0/trace.vcd --dump-yw engine_0/trace.yw --dump-vlogtb engine_0/trace_tb.v --dump-smtc engine_0/trace.smtc model/design_smt2.smt2"
SBY 11:11:59 [bmc] engine_0: ##   0:00:00  Solver: boolector
SBY 11:11:59 [bmc] engine_0: ##   0:00:00  Checking assumptions in step 0..
SBY 11:11:59 [bmc] engine_0: ##   0:00:00  Checking assertions in step 0..
SBY 11:11:59 [bmc] engine_0: ##   0:00:00  Checking assumptions in step 1..
SBY 11:11:59 [bmc] engine_0: ##   0:00:00  Checking assertions in step 1..
SBY 11:11:59 [bmc] engine_0: ##   0:00:00  Checking assumptions in step 2..
SBY 11:11:59 [bmc] engine_0: ##   0:00:00  Checking assertions in step 2..
SBY 11:11:59 [bmc] engine_0: ##   0:00:00  Checking assumptions in step 3..
SBY 11:11:59 [bmc] engine_0: ##   0:00:00  Checking assertions in step 3..
SBY 11:11:59 [bmc] engine_0: ##   0:00:00  Checking assumptions in step 4..
SBY 11:11:59 [bmc] engine_0: ##   0:00:00  Checking assertions in step 4..
SBY 11:11:59 [bmc] engine_0: ##   0:00:00  Checking assumptions in step 5..
SBY 11:11:59 [bmc] engine_0: ##   0:00:00  Checking assertions in step 5..
SBY 11:11:59 [bmc] engine_0: ##   0:00:00  Checking assumptions in step 6..
SBY 11:11:59 [bmc] engine_0: ##   0:00:00  Checking assertions in step 6..
SBY 11:11:59 [bmc] engine_0: ##   0:00:00  Checking assumptions in step 7..
SBY 11:11:59 [bmc] engine_0: ##   0:00:00  Checking assertions in step 7..
SBY 11:11:59 [bmc] engine_0: ##   0:00:00  Checking assumptions in step 8..
SBY 11:11:59 [bmc] engine_0: ##   0:00:00  Checking assertions in step 8..
SBY 11:11:59 [bmc] engine_0: ##   0:00:00  Checking assumptions in step 9..
SBY 11:11:59 [bmc] engine_0: ##   0:00:00  Checking assertions in step 9..
SBY 11:11:59 [bmc] engine_0: ##   0:00:00  Checking assumptions in step 10..
SBY 11:11:59 [bmc] engine_0: ##   0:00:00  Checking assertions in step 10..
SBY 11:11:59 [bmc] engine_0: ##   0:00:00  Checking assumptions in step 11..
SBY 11:11:59 [bmc] engine_0: ##   0:00:00  Checking assertions in step 11..
SBY 11:11:59 [bmc] engine_0: ##   0:00:00  Checking assumptions in step 12..
SBY 11:11:59 [bmc] engine_0: ##   0:00:00  Checking assertions in step 12..
SBY 11:11:59 [bmc] engine_0: ##   0:00:00  Checking assumptions in step 13..
SBY 11:11:59 [bmc] engine_0: ##   0:00:00  Checking assertions in step 13..
SBY 11:11:59 [bmc] engine_0: ##   0:00:00  Checking assumptions in step 14..
SBY 11:11:59 [bmc] engine_0: ##   0:00:00  Checking assertions in step 14..
SBY 11:11:59 [bmc] engine_0: ##   0:00:00  Checking assumptions in step 15..
SBY 11:11:59 [bmc] engine_0: ##   0:00:00  Checking assertions in step 15..
SBY 11:11:59 [bmc] engine_0: ##   0:00:00  Checking assumptions in step 16..
SBY 11:11:59 [bmc] engine_0: ##   0:00:00  Checking assertions in step 16..
SBY 11:11:59 [bmc] engine_0: ##   0:00:00  Checking assumptions in step 17..
SBY 11:11:59 [bmc] engine_0: ##   0:00:00  Checking assertions in step 17..
SBY 11:11:59 [bmc] engine_0: ##   0:00:00  Checking assumptions in step 18..
SBY 11:11:59 [bmc] engine_0: ##   0:00:00  Checking assertions in step 18..
SBY 11:11:59 [bmc] engine_0: ##   0:00:00  Checking assumptions in step 19..
SBY 11:11:59 [bmc] engine_0: ##   0:00:00  Checking assertions in step 19..
SBY 11:11:59 [bmc] engine_0: ##   0:00:00  Checking assumptions in step 20..
SBY 11:11:59 [bmc] engine_0: ##   0:00:00  Checking assertions in step 20..
SBY 11:11:59 [bmc] engine_0: ##   0:00:00  Checking assumptions in step 21..
SBY 11:11:59 [bmc] engine_0: ##   0:00:00  Checking assertions in step 21..
SBY 11:11:59 [bmc] engine_0: ##   0:00:00  Checking assumptions in step 22..
SBY 11:11:59 [bmc] engine_0: ##   0:00:00  Checking assertions in step 22..
SBY 11:11:59 [bmc] engine_0: ##   0:00:00  Checking assumptions in step 23..
SBY 11:11:59 [bmc] engine_0: ##   0:00:00  Checking assertions in step 23..
SBY 11:11:59 [bmc] engine_0: ##   0:00:00  Checking assumptions in step 24..
SBY 11:11:59 [bmc] engine_0: ##   0:00:00  Checking assertions in step 24..
SBY 11:11:59 [bmc] engine_0: ##   0:00:00  Checking assumptions in step 25..
SBY 11:11:59 [bmc] engine_0: ##   0:00:00  Checking assertions in step 25..
SBY 11:11:59 [bmc] engine_0: ##   0:00:00  Checking assumptions in step 26..
SBY 11:11:59 [bmc] engine_0: ##   0:00:00  Checking assertions in step 26..
SBY 11:11:59 [bmc] engine_0: ##   0:00:00  Checking assumptions in step 27..
SBY 11:11:59 [bmc] engine_0: ##   0:00:00  Checking assertions in step 27..
SBY 11:11:59 [bmc] engine_0: ##   0:00:00  Checking assumptions in step 28..
SBY 11:11:59 [bmc] engine_0: ##   0:00:00  Checking assertions in step 28..
SBY 11:11:59 [bmc] engine_0: ##   0:00:00  Checking assumptions in step 29..
SBY 11:11:59 [bmc] engine_0: ##   0:00:00  Checking assertions in step 29..
SBY 11:11:59 [bmc] engine_0: ##   0:00:00  Checking assumptions in step 30..
SBY 11:11:59 [bmc] engine_0: ##   0:00:00  Checking assertions in step 30..
SBY 11:11:59 [bmc] engine_0: ##   0:00:00  Checking assumptions in step 31..
SBY 11:11:59 [bmc] engine_0: ##   0:00:00  Checking assertions in step 31..
SBY 11:11:59 [bmc] engine_0: ##   0:00:00  Checking assumptions in step 32..
SBY 11:11:59 [bmc] engine_0: ##   0:00:00  Checking assertions in step 32..
SBY 11:11:59 [bmc] engine_0: ##   0:00:00  Checking assumptions in step 33..
SBY 11:11:59 [bmc] engine_0: ##   0:00:00  Checking assertions in step 33..
SBY 11:11:59 [bmc] engine_0: ##   0:00:00  Checking assumptions in step 34..
SBY 11:11:59 [bmc] engine_0: ##   0:00:00  Checking assertions in step 34..
SBY 11:11:59 [bmc] engine_0: ##   0:00:00  Checking assumptions in step 35..
SBY 11:11:59 [bmc] engine_0: ##   0:00:00  Checking assertions in step 35..
SBY 11:11:59 [bmc] engine_0: ##   0:00:00  Checking assumptions in step 36..
SBY 11:11:59 [bmc] engine_0: ##   0:00:00  Checking assertions in step 36..
SBY 11:11:59 [bmc] engine_0: ##   0:00:00  Checking assumptions in step 37..
SBY 11:11:59 [bmc] engine_0: ##   0:00:00  Checking assertions in step 37..
SBY 11:11:59 [bmc] engine_0: ##   0:00:00  Checking assumptions in step 38..
SBY 11:11:59 [bmc] engine_0: ##   0:00:00  Checking assertions in step 38..
SBY 11:11:59 [bmc] engine_0: ##   0:00:00  Checking assumptions in step 39..
SBY 11:11:59 [bmc] engine_0: ##   0:00:00  Checking assertions in step 39..
SBY 11:11:59 [bmc] engine_0: ##   0:00:00  Checking assumptions in step 40..
SBY 11:11:59 [bmc] engine_0: ##   0:00:00  Checking assertions in step 40..
SBY 11:11:59 [bmc] engine_0: ##   0:00:00  Checking assumptions in step 41..
SBY 11:11:59 [bmc] engine_0: ##   0:00:00  Checking assertions in step 41..
SBY 11:11:59 [bmc] engine_0: ##   0:00:00  Checking assumptions in step 42..
SBY 11:11:59 [bmc] engine_0: ##   0:00:00  Checking assertions in step 42..
SBY 11:11:59 [bmc] engine_0: ##   0:00:00  Checking assumptions in step 43..
SBY 11:11:59 [bmc] engine_0: ##   0:00:00  Checking assertions in step 43..
SBY 11:11:59 [bmc] engine_0: ##   0:00:00  Checking assumptions in step 44..
SBY 11:11:59 [bmc] engine_0: ##   0:00:00  Checking assertions in step 44..
SBY 11:11:59 [bmc] engine_0: ##   0:00:00  Checking assumptions in step 45..
SBY 11:11:59 [bmc] engine_0: ##   0:00:00  Checking assertions in step 45..
SBY 11:11:59 [bmc] engine_0: ##   0:00:00  Checking assumptions in step 46..
SBY 11:11:59 [bmc] engine_0: ##   0:00:00  Checking assertions in step 46..
SBY 11:11:59 [bmc] engine_0: ##   0:00:00  Checking assumptions in step 47..
SBY 11:11:59 [bmc] engine_0: ##   0:00:00  Checking assertions in step 47..
SBY 11:11:59 [bmc] engine_0: ##   0:00:00  Checking assumptions in step 48..
SBY 11:12:00 [bmc] engine_0: ##   0:00:00  Checking assertions in step 48..
SBY 11:12:00 [bmc] engine_0: ##   0:00:00  Checking assumptions in step 49..
SBY 11:12:00 [bmc] engine_0: ##   0:00:00  Checking assertions in step 49..
SBY 11:12:00 [bmc] engine_0: ##   0:00:00  Checking assumptions in step 50..
SBY 11:12:00 [bmc] engine_0: ##   0:00:00  Checking assertions in step 50..
SBY 11:12:00 [bmc] engine_0: ##   0:00:00  Checking assumptions in step 51..
SBY 11:12:00 [bmc] engine_0: ##   0:00:00  Checking assertions in step 51..
SBY 11:12:00 [bmc] engine_0: ##   0:00:00  Checking assumptions in step 52..
SBY 11:12:00 [bmc] engine_0: ##   0:00:00  Checking assertions in step 52..
SBY 11:12:00 [bmc] engine_0: ##   0:00:00  Checking assumptions in step 53..
SBY 11:12:00 [bmc] engine_0: ##   0:00:00  Checking assertions in step 53..
SBY 11:12:00 [bmc] engine_0: ##   0:00:00  Checking assumptions in step 54..
SBY 11:12:00 [bmc] engine_0: ##   0:00:00  Checking assertions in step 54..
SBY 11:12:00 [bmc] engine_0: ##   0:00:00  Checking assumptions in step 55..
SBY 11:12:00 [bmc] engine_0: ##   0:00:00  Checking assertions in step 55..
SBY 11:12:00 [bmc] engine_0: ##   0:00:00  Checking assumptions in step 56..
SBY 11:12:00 [bmc] engine_0: ##   0:00:00  Checking assertions in step 56..
SBY 11:12:00 [bmc] engine_0: ##   0:00:00  Checking assumptions in step 57..
SBY 11:12:00 [bmc] engine_0: ##   0:00:00  Checking assertions in step 57..
SBY 11:12:00 [bmc] engine_0: ##   0:00:01  Checking assumptions in step 58..
SBY 11:12:00 [bmc] engine_0: ##   0:00:01  Checking assertions in step 58..
SBY 11:12:00 [bmc] engine_0: ##   0:00:01  Checking assumptions in step 59..
SBY 11:12:00 [bmc] engine_0: ##   0:00:01  Checking assertions in step 59..
SBY 11:12:00 [bmc] engine_0: ##   0:00:01  Status: passed
SBY 11:12:00 [bmc] engine_0: finished (returncode=0)
SBY 11:12:00 [bmc] engine_0: Status returned by engine: pass
SBY 11:12:00 [bmc] summary: Elapsed clock time [H:MM:SS (secs)]: 0:00:01 (1)
SBY 11:12:00 [bmc] summary: Elapsed process time [H:MM:SS (secs)]: 0:00:01 (1)
SBY 11:12:00 [bmc] summary: engine_0 (smtbmc boolector) returned pass
SBY 11:12:00 [bmc] summary: engine_0 did not produce any traces
SBY 11:12:00 [bmc] DONE (PASS, rc=0)
----- output_projection rc=0
OUTPROJ_FORMAL_DONE
