===== OUTPUT_PROJECTION inloop
=== Building output_projection_unit HIDDEN=768 VOCAB=512 -> sim_build_inloop ===
- V e r i l a t i o n   R e p o r t: Verilator 5.051 devel rev v5.050-236-gcda258cbe (mod)
- Verilator: Built from 3.455 MB sources in 32 modules, into 2.907 MB in 15 C++ files needing 0.005 MB
- Verilator: Walltime 0.519 s (elab=0.038, cvt=0.391, bld=0.000); cpu 0.479 s on 1 threads; allocated 54.051 MB
make: Entering directory '/home/jese/tinyllm/src/output_projection_unit/sim_build_inloop'
g++  -I.  -MMD -I/home/jese/tinyllm/oss-cad-suite/share/verilator/include -I/home/jese/tinyllm/oss-cad-suite/share/verilator/include/vltstd -DVERILATOR=1 -DVM_COVERAGE=0 -DVM_SC=0 -DVM_TIMING=0 -DVM_TRACE=0 -DVM_TRACE_FST=0 -DVM_TRACE_VCD=0 -DVM_TRACE_SAIF=0 -DVM_VPI=1 -faligned-new -fcf-protection=none -Wno-bool-operation -Wno-int-in-bool-context -Wno-shadow -Wno-sign-compare -Wno-subobject-linkage -Wno-tautological-compare -Wno-uninitialized -Wno-unused-but-set-parameter -Wno-unused-but-set-variable -Wno-unused-parameter -Wno-unused-variable      -Os  -c -o verilator.o /home/jese/tinyllm/.venv/lib/python3.13/site-packages/cocotb/share/lib/verilator/verilator.cpp
g++ -Os  -I.  -MMD -I/home/jese/tinyllm/oss-cad-suite/share/verilator/include -I/home/jese/tinyllm/oss-cad-suite/share/verilator/include/vltstd -DVERILATOR=1 -DVM_COVERAGE=0 -DVM_SC=0 -DVM_TIMING=0 -DVM_TRACE=0 -DVM_TRACE_FST=0 -DVM_TRACE_VCD=0 -DVM_TRACE_SAIF=0 -DVM_VPI=1 -faligned-new -fcf-protection=none -Wno-bool-operation -Wno-int-in-bool-context -Wno-shadow -Wno-sign-compare -Wno-subobject-linkage -Wno-tautological-compare -Wno-uninitialized -Wno-unused-but-set-parameter -Wno-unused-but-set-variable -Wno-unused-parameter -Wno-unused-variable      -c -o verilated.o /home/jese/tinyllm/oss-cad-suite/share/verilator/include/verilated.cpp
g++ -Os  -I.  -MMD -I/home/jese/tinyllm/oss-cad-suite/share/verilator/include -I/home/jese/tinyllm/oss-cad-suite/share/verilator/include/vltstd -DVERILATOR=1 -DVM_COVERAGE=0 -DVM_SC=0 -DVM_TIMING=0 -DVM_TRACE=0 -DVM_TRACE_FST=0 -DVM_TRACE_VCD=0 -DVM_TRACE_SAIF=0 -DVM_VPI=1 -faligned-new -fcf-protection=none -Wno-bool-operation -Wno-int-in-bool-context -Wno-shadow -Wno-sign-compare -Wno-subobject-linkage -Wno-tautological-compare -Wno-uninitialized -Wno-unused-but-set-parameter -Wno-unused-but-set-variable -Wno-unused-parameter -Wno-unused-variable      -c -o verilated_dpi.o /home/jese/tinyllm/oss-cad-suite/share/verilator/include/verilated_dpi.cpp
g++ -Os  -I.  -MMD -I/home/jese/tinyllm/oss-cad-suite/share/verilator/include -I/home/jese/tinyllm/oss-cad-suite/share/verilator/include/vltstd -DVERILATOR=1 -DVM_COVERAGE=0 -DVM_SC=0 -DVM_TIMING=0 -DVM_TRACE=0 -DVM_TRACE_FST=0 -DVM_TRACE_VCD=0 -DVM_TRACE_SAIF=0 -DVM_VPI=1 -faligned-new -fcf-protection=none -Wno-bool-operation -Wno-int-in-bool-context -Wno-shadow -Wno-sign-compare -Wno-subobject-linkage -Wno-tautological-compare -Wno-uninitialized -Wno-unused-but-set-parameter -Wno-unused-but-set-variable -Wno-unused-parameter -Wno-unused-variable      -c -o verilated_vpi.o /home/jese/tinyllm/oss-cad-suite/share/verilator/include/verilated_vpi.cpp
g++ -Os  -I.  -MMD -I/home/jese/tinyllm/oss-cad-suite/share/verilator/include -I/home/jese/tinyllm/oss-cad-suite/share/verilator/include/vltstd -DVERILATOR=1 -DVM_COVERAGE=0 -DVM_SC=0 -DVM_TIMING=0 -DVM_TRACE=0 -DVM_TRACE_FST=0 -DVM_TRACE_VCD=0 -DVM_TRACE_SAIF=0 -DVM_VPI=1 -faligned-new -fcf-protection=none -Wno-bool-operation -Wno-int-in-bool-context -Wno-shadow -Wno-sign-compare -Wno-subobject-linkage -Wno-tautological-compare -Wno-uninitialized -Wno-unused-but-set-parameter -Wno-unused-but-set-variable -Wno-unused-parameter -Wno-unused-variable      -c -o verilated_threads.o /home/jese/tinyllm/oss-cad-suite/share/verilator/include/verilated_threads.cpp
g++ -Os  -I.  -MMD -I/home/jese/tinyllm/oss-cad-suite/share/verilator/include -I/home/jese/tinyllm/oss-cad-suite/share/verilator/include/vltstd -DVERILATOR=1 -DVM_COVERAGE=0 -DVM_SC=0 -DVM_TIMING=0 -DVM_TRACE=0 -DVM_TRACE_FST=0 -DVM_TRACE_VCD=0 -DVM_TRACE_SAIF=0 -DVM_VPI=1 -faligned-new -fcf-protection=none -Wno-bool-operation -Wno-int-in-bool-context -Wno-shadow -Wno-sign-compare -Wno-subobject-linkage -Wno-tautological-compare -Wno-uninitialized -Wno-unused-but-set-parameter -Wno-unused-but-set-variable -Wno-unused-parameter -Wno-unused-variable      -c -x c++-header Vtop__pch.h -o Vtop__pch.h.fast.gch
g++   -I.  -MMD -I/home/jese/tinyllm/oss-cad-suite/share/verilator/include -I/home/jese/tinyllm/oss-cad-suite/share/verilator/include/vltstd -DVERILATOR=1 -DVM_COVERAGE=0 -DVM_SC=0 -DVM_TIMING=0 -DVM_TRACE=0 -DVM_TRACE_FST=0 -DVM_TRACE_VCD=0 -DVM_TRACE_SAIF=0 -DVM_VPI=1 -faligned-new -fcf-protection=none -Wno-bool-operation -Wno-int-in-bool-context -Wno-shadow -Wno-sign-compare -Wno-subobject-linkage -Wno-tautological-compare -Wno-uninitialized -Wno-unused-but-set-parameter -Wno-unused-but-set-variable -Wno-unused-parameter -Wno-unused-variable      -c -x c++-header Vtop__pch.h -o Vtop__pch.h.slow.gch
g++ -Os  -I.  -MMD -I/home/jese/tinyllm/oss-cad-suite/share/verilator/include -I/home/jese/tinyllm/oss-cad-suite/share/verilator/include/vltstd -DVERILATOR=1 -DVM_COVERAGE=0 -DVM_SC=0 -DVM_TIMING=0 -DVM_TRACE=0 -DVM_TRACE_FST=0 -DVM_TRACE_VCD=0 -DVM_TRACE_SAIF=0 -DVM_VPI=1 -faligned-new -fcf-protection=none -Wno-bool-operation -Wno-int-in-bool-context -Wno-shadow -Wno-sign-compare -Wno-subobject-linkage -Wno-tautological-compare -Wno-uninitialized -Wno-unused-but-set-parameter -Wno-unused-but-set-variable -Wno-unused-parameter -Wno-unused-variable      -include Vtop__pch.h.fast -c Vtop.cpp
g++ -Os  -I.  -MMD -I/home/jese/tinyllm/oss-cad-suite/share/verilator/include -I/home/jese/tinyllm/oss-cad-suite/share/verilator/include/vltstd -DVERILATOR=1 -DVM_COVERAGE=0 -DVM_SC=0 -DVM_TIMING=0 -DVM_TRACE=0 -DVM_TRACE_FST=0 -DVM_TRACE_VCD=0 -DVM_TRACE_SAIF=0 -DVM_VPI=1 -faligned-new -fcf-protection=none -Wno-bool-operation -Wno-int-in-bool-context -Wno-shadow -Wno-sign-compare -Wno-subobject-linkage -Wno-tautological-compare -Wno-uninitialized -Wno-unused-but-set-parameter -Wno-unused-but-set-variable -Wno-unused-parameter -Wno-unused-variable      -include Vtop__pch.h.fast -c Vtop___024root__0.cpp
g++ -Os  -I.  -MMD -I/home/jese/tinyllm/oss-cad-suite/share/verilator/include -I/home/jese/tinyllm/oss-cad-suite/share/verilator/include/vltstd -DVERILATOR=1 -DVM_COVERAGE=0 -DVM_SC=0 -DVM_TIMING=0 -DVM_TRACE=0 -DVM_TRACE_FST=0 -DVM_TRACE_VCD=0 -DVM_TRACE_SAIF=0 -DVM_VPI=1 -faligned-new -fcf-protection=none -Wno-bool-operation -Wno-int-in-bool-context -Wno-shadow -Wno-sign-compare -Wno-subobject-linkage -Wno-tautological-compare -Wno-uninitialized -Wno-unused-but-set-parameter -Wno-unused-but-set-variable -Wno-unused-parameter -Wno-unused-variable      -include Vtop__pch.h.fast -c Vtop___024root__1.cpp
g++ -Os  -I.  -MMD -I/home/jese/tinyllm/oss-cad-suite/share/verilator/include -I/home/jese/tinyllm/oss-cad-suite/share/verilator/include/vltstd -DVERILATOR=1 -DVM_COVERAGE=0 -DVM_SC=0 -DVM_TIMING=0 -DVM_TRACE=0 -DVM_TRACE_FST=0 -DVM_TRACE_VCD=0 -DVM_TRACE_SAIF=0 -DVM_VPI=1 -faligned-new -fcf-protection=none -Wno-bool-operation -Wno-int-in-bool-context -Wno-shadow -Wno-sign-compare -Wno-subobject-linkage -Wno-tautological-compare -Wno-uninitialized -Wno-unused-but-set-parameter -Wno-unused-but-set-variable -Wno-unused-parameter -Wno-unused-variable      -include Vtop__pch.h.fast -c Vtop_fp_add_pipe2__0.cpp
g++ -Os  -I.  -MMD -I/home/jese/tinyllm/oss-cad-suite/share/verilator/include -I/home/jese/tinyllm/oss-cad-suite/share/verilator/include/vltstd -DVERILATOR=1 -DVM_COVERAGE=0 -DVM_SC=0 -DVM_TIMING=0 -DVM_TRACE=0 -DVM_TRACE_FST=0 -DVM_TRACE_VCD=0 -DVM_TRACE_SAIF=0 -DVM_VPI=1 -faligned-new -fcf-protection=none -Wno-bool-operation -Wno-int-in-bool-context -Wno-shadow -Wno-sign-compare -Wno-subobject-linkage -Wno-tautological-compare -Wno-uninitialized -Wno-unused-but-set-parameter -Wno-unused-but-set-variable -Wno-unused-parameter -Wno-unused-variable      -include Vtop__pch.h.fast -c Vtop_fp_add_pipe2__1.cpp
g++ -Os  -I.  -MMD -I/home/jese/tinyllm/oss-cad-suite/share/verilator/include -I/home/jese/tinyllm/oss-cad-suite/share/verilator/include/vltstd -DVERILATOR=1 -DVM_COVERAGE=0 -DVM_SC=0 -DVM_TIMING=0 -DVM_TRACE=0 -DVM_TRACE_FST=0 -DVM_TRACE_VCD=0 -DVM_TRACE_SAIF=0 -DVM_VPI=1 -faligned-new -fcf-protection=none -Wno-bool-operation -Wno-int-in-bool-context -Wno-shadow -Wno-sign-compare -Wno-subobject-linkage -Wno-tautological-compare -Wno-uninitialized -Wno-unused-but-set-parameter -Wno-unused-but-set-variable -Wno-unused-parameter -Wno-unused-variable      -include Vtop__pch.h.fast -c Vtop_fp_mul_pipe2__0.cpp
g++ -Os  -I.  -MMD -I/home/jese/tinyllm/oss-cad-suite/share/verilator/include -I/home/jese/tinyllm/oss-cad-suite/share/verilator/include/vltstd -DVERILATOR=1 -DVM_COVERAGE=0 -DVM_SC=0 -DVM_TIMING=0 -DVM_TRACE=0 -DVM_TRACE_FST=0 -DVM_TRACE_VCD=0 -DVM_TRACE_SAIF=0 -DVM_VPI=1 -faligned-new -fcf-protection=none -Wno-bool-operation -Wno-int-in-bool-context -Wno-shadow -Wno-sign-compare -Wno-subobject-linkage -Wno-tautological-compare -Wno-uninitialized -Wno-unused-but-set-parameter -Wno-unused-but-set-variable -Wno-unused-parameter -Wno-unused-variable      -include Vtop__pch.h.fast -c Vtop__Dpi.cpp
g++   -I.  -MMD -I/home/jese/tinyllm/oss-cad-suite/share/verilator/include -I/home/jese/tinyllm/oss-cad-suite/share/verilator/include/vltstd -DVERILATOR=1 -DVM_COVERAGE=0 -DVM_SC=0 -DVM_TIMING=0 -DVM_TRACE=0 -DVM_TRACE_FST=0 -DVM_TRACE_VCD=0 -DVM_TRACE_SAIF=0 -DVM_VPI=1 -faligned-new -fcf-protection=none -Wno-bool-operation -Wno-int-in-bool-context -Wno-shadow -Wno-sign-compare -Wno-subobject-linkage -Wno-tautological-compare -Wno-uninitialized -Wno-unused-but-set-parameter -Wno-unused-but-set-variable -Wno-unused-parameter -Wno-unused-variable      -include Vtop__pch.h.slow -c Vtop___024root__Slow.cpp
g++   -I.  -MMD -I/home/jese/tinyllm/oss-cad-suite/share/verilator/include -I/home/jese/tinyllm/oss-cad-suite/share/verilator/include/vltstd -DVERILATOR=1 -DVM_COVERAGE=0 -DVM_SC=0 -DVM_TIMING=0 -DVM_TRACE=0 -DVM_TRACE_FST=0 -DVM_TRACE_VCD=0 -DVM_TRACE_SAIF=0 -DVM_VPI=1 -faligned-new -fcf-protection=none -Wno-bool-operation -Wno-int-in-bool-context -Wno-shadow -Wno-sign-compare -Wno-subobject-linkage -Wno-tautological-compare -Wno-uninitialized -Wno-unused-but-set-parameter -Wno-unused-but-set-variable -Wno-unused-parameter -Wno-unused-variable      -include Vtop__pch.h.slow -c Vtop___024root__0__Slow.cpp
g++   -I.  -MMD -I/home/jese/tinyllm/oss-cad-suite/share/verilator/include -I/home/jese/tinyllm/oss-cad-suite/share/verilator/include/vltstd -DVERILATOR=1 -DVM_COVERAGE=0 -DVM_SC=0 -DVM_TIMING=0 -DVM_TRACE=0 -DVM_TRACE_FST=0 -DVM_TRACE_VCD=0 -DVM_TRACE_SAIF=0 -DVM_VPI=1 -faligned-new -fcf-protection=none -Wno-bool-operation -Wno-int-in-bool-context -Wno-shadow -Wno-sign-compare -Wno-subobject-linkage -Wno-tautological-compare -Wno-uninitialized -Wno-unused-but-set-parameter -Wno-unused-but-set-variable -Wno-unused-parameter -Wno-unused-variable      -include Vtop__pch.h.slow -c Vtop_fp_pkg__Slow.cpp
g++   -I.  -MMD -I/home/jese/tinyllm/oss-cad-suite/share/verilator/include -I/home/jese/tinyllm/oss-cad-suite/share/verilator/include/vltstd -DVERILATOR=1 -DVM_COVERAGE=0 -DVM_SC=0 -DVM_TIMING=0 -DVM_TRACE=0 -DVM_TRACE_FST=0 -DVM_TRACE_VCD=0 -DVM_TRACE_SAIF=0 -DVM_VPI=1 -faligned-new -fcf-protection=none -Wno-bool-operation -Wno-int-in-bool-context -Wno-shadow -Wno-sign-compare -Wno-subobject-linkage -Wno-tautological-compare -Wno-uninitialized -Wno-unused-but-set-parameter -Wno-unused-but-set-variable -Wno-unused-parameter -Wno-unused-variable      -include Vtop__pch.h.slow -c Vtop_fp_add_pipe2__Slow.cpp
g++   -I.  -MMD -I/home/jese/tinyllm/oss-cad-suite/share/verilator/include -I/home/jese/tinyllm/oss-cad-suite/share/verilator/include/vltstd -DVERILATOR=1 -DVM_COVERAGE=0 -DVM_SC=0 -DVM_TIMING=0 -DVM_TRACE=0 -DVM_TRACE_FST=0 -DVM_TRACE_VCD=0 -DVM_TRACE_SAIF=0 -DVM_VPI=1 -faligned-new -fcf-protection=none -Wno-bool-operation -Wno-int-in-bool-context -Wno-shadow -Wno-sign-compare -Wno-subobject-linkage -Wno-tautological-compare -Wno-uninitialized -Wno-unused-but-set-parameter -Wno-unused-but-set-variable -Wno-unused-parameter -Wno-unused-variable      -include Vtop__pch.h.slow -c Vtop_fp_add_pipe2__0__Slow.cpp
g++   -I.  -MMD -I/home/jese/tinyllm/oss-cad-suite/share/verilator/include -I/home/jese/tinyllm/oss-cad-suite/share/verilator/include/vltstd -DVERILATOR=1 -DVM_COVERAGE=0 -DVM_SC=0 -DVM_TIMING=0 -DVM_TRACE=0 -DVM_TRACE_FST=0 -DVM_TRACE_VCD=0 -DVM_TRACE_SAIF=0 -DVM_VPI=1 -faligned-new -fcf-protection=none -Wno-bool-operation -Wno-int-in-bool-context -Wno-shadow -Wno-sign-compare -Wno-subobject-linkage -Wno-tautological-compare -Wno-uninitialized -Wno-unused-but-set-parameter -Wno-unused-but-set-variable -Wno-unused-parameter -Wno-unused-variable      -include Vtop__pch.h.slow -c Vtop_fp_mul_pipe2__Slow.cpp
g++   -I.  -MMD -I/home/jese/tinyllm/oss-cad-suite/share/verilator/include -I/home/jese/tinyllm/oss-cad-suite/share/verilator/include/vltstd -DVERILATOR=1 -DVM_COVERAGE=0 -DVM_SC=0 -DVM_TIMING=0 -DVM_TRACE=0 -DVM_TRACE_FST=0 -DVM_TRACE_VCD=0 -DVM_TRACE_SAIF=0 -DVM_VPI=1 -faligned-new -fcf-protection=none -Wno-bool-operation -Wno-int-in-bool-context -Wno-shadow -Wno-sign-compare -Wno-subobject-linkage -Wno-tautological-compare -Wno-uninitialized -Wno-unused-but-set-parameter -Wno-unused-but-set-variable -Wno-unused-parameter -Wno-unused-variable      -include Vtop__pch.h.slow -c Vtop_fp_mul_pipe2__0__Slow.cpp
g++   -I.  -MMD -I/home/jese/tinyllm/oss-cad-suite/share/verilator/include -I/home/jese/tinyllm/oss-cad-suite/share/verilator/include/vltstd -DVERILATOR=1 -DVM_COVERAGE=0 -DVM_SC=0 -DVM_TIMING=0 -DVM_TRACE=0 -DVM_TRACE_FST=0 -DVM_TRACE_VCD=0 -DVM_TRACE_SAIF=0 -DVM_VPI=1 -faligned-new -fcf-protection=none -Wno-bool-operation -Wno-int-in-bool-context -Wno-shadow -Wno-sign-compare -Wno-subobject-linkage -Wno-tautological-compare -Wno-uninitialized -Wno-unused-but-set-parameter -Wno-unused-but-set-variable -Wno-unused-parameter -Wno-unused-variable      -include Vtop__pch.h.slow -c Vtop__Syms__Slow.cpp
g++    -rdynamic verilator.o verilated.o verilated_dpi.o verilated_vpi.o verilated_threads.o Vtop__ALL.a   -Wl,-rpath,/home/jese/tinyllm/.venv/lib/python3.13/site-packages/cocotb/libs -L/home/jese/tinyllm/.venv/lib/python3.13/site-packages/cocotb/libs -lcocotbvpi_verilator  -pthread -lpthread -latomic -ldl   -o output_projection_unit
rm Vtop__ALL.verilator_deplist.tmp
make: Leaving directory '/home/jese/tinyllm/src/output_projection_unit/sim_build_inloop'
  attempt 1: TESTS PASS=1 FAIL=0 (71s)
    6104750.00ns INFO     cocotb.output_projection_unit      Bit-exact: 1024/1024
    6104750.00ns INFO     cocotb.output_projection_unit      Max abs error: 0.000000
    6104750.00ns INFO     cocotb.output_projection_unit      Max rel error: 0.000000
    6104750.00ns INFO     cocotb.regression                  tb_output_projection_unit_inloop.test_output_projection_inloop passed
output_projection unit in-loop PASSED
===== EMBEDDING inloop
=== Building embedding lookup unit ===
- V e r i l a t i o n   R e p o r t: Verilator 5.051 devel rev v5.050-236-gcda258cbe (mod)
- Verilator: Built from 0.000 MB sources in 0 modules, into 0.000 MB in 0 C++ files needing 0.000 MB
- Verilator: Walltime 0.001 s (elab=0.000, cvt=0.000, bld=0.000); cpu 0.001 s on 1 threads; allocated 9.055 MB
make: Entering directory '/home/jese/tinyllm/src/embedding_lookup_unit/sim_build'
make: Nothing to be done for 'default'.
make: Leaving directory '/home/jese/tinyllm/src/embedding_lookup_unit/sim_build'
  attempt 1: TESTS PASS=1 FAIL=0 (60s)
    316270.00ns INFO     cocotb.embedding_lookup_unit       In-loop results: 16896/16896 bit-exact
    316270.00ns INFO     cocotb.embedding_lookup_unit       Max absolute error: 0.000000
    316270.00ns INFO     cocotb.regression                  tb_embedding_lookup_unit_inloop.test_embedding_lookup_inloop passed
embedding lookup unit PASSED
===== CONV1D inloop
=== Building conv1d unit ===
- V e r i l a t i o n   R e p o r t: Verilator 5.051 devel rev v5.050-236-gcda258cbe (mod)
- Verilator: Built from 0.000 MB sources in 0 modules, into 0.000 MB in 0 C++ files needing 0.000 MB
- Verilator: Walltime 0.001 s (elab=0.000, cvt=0.000, bld=0.000); cpu 0.001 s on 1 threads; allocated 9.004 MB
make: Entering directory '/home/jese/tinyllm/src/conv1d_unit/sim_build'
g++ -Os  -I.  -MMD -I/home/jese/tinyllm/oss-cad-suite/share/verilator/include -I/home/jese/tinyllm/oss-cad-suite/share/verilator/include/vltstd -DVERILATOR=1 -DVM_COVERAGE=0 -DVM_SC=0 -DVM_TIMING=0 -DVM_TRACE=0 -DVM_TRACE_FST=0 -DVM_TRACE_VCD=0 -DVM_TRACE_SAIF=0 -DVM_VPI=1 -faligned-new -fcf-protection=none -Wno-bool-operation -Wno-int-in-bool-context -Wno-shadow -Wno-sign-compare -Wno-subobject-linkage -Wno-tautological-compare -Wno-uninitialized -Wno-unused-but-set-parameter -Wno-unused-but-set-variable -Wno-unused-parameter -Wno-unused-variable      -c -o verilated_dpi.o /home/jese/tinyllm/oss-cad-suite/share/verilator/include/verilated_dpi.cpp
g++ -Os  -I.  -MMD -I/home/jese/tinyllm/oss-cad-suite/share/verilator/include -I/home/jese/tinyllm/oss-cad-suite/share/verilator/include/vltstd -DVERILATOR=1 -DVM_COVERAGE=0 -DVM_SC=0 -DVM_TIMING=0 -DVM_TRACE=0 -DVM_TRACE_FST=0 -DVM_TRACE_VCD=0 -DVM_TRACE_SAIF=0 -DVM_VPI=1 -faligned-new -fcf-protection=none -Wno-bool-operation -Wno-int-in-bool-context -Wno-shadow -Wno-sign-compare -Wno-subobject-linkage -Wno-tautological-compare -Wno-uninitialized -Wno-unused-but-set-parameter -Wno-unused-but-set-variable -Wno-unused-parameter -Wno-unused-variable      -c -o verilated_threads.o /home/jese/tinyllm/oss-cad-suite/share/verilator/include/verilated_threads.cpp
g++    -rdynamic verilator.o verilated.o verilated_dpi.o verilated_vpi.o verilated_threads.o Vtop__ALL.a   -Wl,-rpath,/home/jese/tinyllm/.venv/lib/python3.13/site-packages/cocotb/libs -L/home/jese/tinyllm/.venv/lib/python3.13/site-packages/cocotb/libs -lcocotbvpi_verilator  -pthread -lpthread -latomic -ldl   -o conv1d_unit
make: Leaving directory '/home/jese/tinyllm/src/conv1d_unit/sim_build'
  attempt 1: TESTS PASS=1 FAIL=0 (48s)
    5329960.00ns INFO     cocotb.conv1d_unit                 In-loop results: 13824/13824 passed
    5329960.00ns INFO     cocotb.conv1d_unit                 Max absolute error: 0.000000
    5329960.00ns INFO     cocotb.regression                  tb_conv1d_unit_inloop.test_conv1d_inloop passed
conv1d unit PASSED
===== SOFTMAX inloop
=== Building softmax unit ===
- V e r i l a t i o n   R e p o r t: Verilator 5.051 devel rev v5.050-236-gcda258cbe (mod)
- Verilator: Built from 0.000 MB sources in 0 modules, into 0.000 MB in 0 C++ files needing 0.000 MB
- Verilator: Walltime 0.001 s (elab=0.000, cvt=0.000, bld=0.000); cpu 0.001 s on 1 threads; allocated 9.051 MB
make: Entering directory '/home/jese/tinyllm/src/softmax_unit/sim_build'
make: Nothing to be done for 'default'.
make: Leaving directory '/home/jese/tinyllm/src/softmax_unit/sim_build'
  attempt 1: TESTS PASS=1 FAIL=0 (33s)
    1391060.00ns INFO     cocotb.softmax_unit                In-loop results: 3888/3888 passed
    1391060.00ns INFO     cocotb.softmax_unit                Max absolute error: 0.005668
    1391060.00ns INFO     cocotb.softmax_unit                Max row-sum error: 0.000000
    1391060.00ns INFO     cocotb.regression                  tb_softmax_unit_inloop.test_softmax_inloop passed
softmax unit PASSED
===== FAST INLOOP CHAIN DONE
